[2026.08.14-14.23.35:247][726]LogAutomationController: Display: Test Started. Name={BothSidesAiReachesAResultWithinTheBound} Path={Stratocracy.StratPlay.T-INT-05.BothSidesAiReachesAResultWithinTheBound}
[2026.08.14-14.23.35:251][727]LogAutomationWorker: Received RunTests BothSidesAiReachesAResultWithinTheBound from 48EB46D3482B63B5C39BF890522B7CB5
[2026.08.14-14.23.35:251][727]LogChaosDD: Creating Chaos Debug Draw Scene for world Untitled
[2026.08.14-14.23.35:253][727]LogWorld: Bringing World /Temp/Untitled_2.Untitled up for play (max tick rate 120) at 2026.08.14-10.23.35
[2026.08.14-14.23.35:253][727]LogWorld: Bringing up level for play took: 0.000088
[2026.08.14-14.23.35:254][727]LogStratPlay: Verbose: Board: no tile mesh for terrain Bridge, Factory, Mountains, Plains, Town, Water, Woods -- assign it in TerrainMeshes, or set FallbackTerrainMesh; the rest of the board was drawn
[2026.08.14-14.23.35:254][727]LogStratPlay: No mesh assigned for unit definition 'Tank' (unit 1); using the fallback.
[2026.08.14-14.23.35:254][727]LogStratPlay: No mesh assigned for unit definition 'Infantry' (unit 2); using the fallback.
[2026.08.14-14.23.35:254][727]LogStratPlay: No mesh assigned for unit definition 'Infantry' (unit 3); using the fallback.
[2026.08.14-14.23.35:254][727]LogStratPlay: No mesh assigned for unit definition 'Artillery' (unit 4); using the fallback.
[2026.08.14-14.23.35:254][727]LogStratPlay: No mesh assigned for unit definition 'Recon' (unit 5); using the fallback.
[2026.08.14-14.23.35:254][727]LogStratPlay: No mesh assigned for unit definition 'Tank' (unit 6); using the fallback.
[2026.08.14-14.23.35:254][727]LogStratPlay: No mesh assigned for unit definition 'Infantry' (unit 7); using the fallback.
[2026.08.14-14.23.35:254][727]LogStratPlay: No mesh assigned for unit definition 'Infantry' (unit 8); using the fallback.
[2026.08.14-14.23.35:254][727]LogStratPlay: No mesh assigned for unit definition 'Artillery' (unit 9); using the fallback.
[2026.08.14-14.23.35:254][727]LogStratPlay: No mesh assigned for unit definition 'Recon' (unit 10); using the fallback.
[2026.08.14-14.23.35:254][727]LogStratPlay: No AStratScoreboardHUD on the first local player; the match runs without a scoreboard.
[2026.08.14-14.23.35:254][727]LogStratPlay: Match live: seeded from 'E:/MultiAgent/Stratocracy/Data/ferrum_crossing.json' (first side 0), drawn for side 0, 0 hexes and 10 units on screen.
[2026.08.14-14.23.35:255][727]LogStratPlay: Verbose: Board: no tile mesh for terrain Bridge, Factory, Mountains, Plains, Town, Water, Woods -- assign it in TerrainMeshes, or set FallbackTerrainMesh; the rest of the board was drawn
[2026.08.14-14.23.35:255][727]LogStratPlay: No mesh assigned for unit definition 'Tank' (unit 1); using the fallback.
[2026.08.14-14.23.35:255][727]LogStratPlay: No mesh assigned for unit definition 'Infantry' (unit 2); using the fallback.
[2026.08.14-14.23.35:255][727]LogStratPlay: No mesh assigned for unit definition 'Infantry' (unit 3); using the fallback.
[2026.08.14-14.23.35:255][727]LogStratPlay: No mesh assigned for unit definition 'Artillery' (unit 4); using the fallback.
[2026.08.14-14.23.35:255][727]LogStratPlay: No mesh assigned for unit definition 'Recon' (unit 5); using the fallback.
[2026.08.14-14.23.35:255][727]LogStratPlay: No mesh assigned for unit definition 'Tank' (unit 6); using the fallback.
[2026.08.14-14.23.35:255][727]LogStratPlay: No mesh assigned for unit definition 'Infantry' (unit 7); using the fallback.
[2026.08.14-14.23.35:255][727]LogStratPlay: No mesh assigned for unit definition 'Infantry' (unit 8); using the fallback.
[2026.08.14-14.23.35:255][727]LogStratPlay: No mesh assigned for unit definition 'Artillery' (unit 9); using the fallback.
[2026.08.14-14.23.35:255][727]LogStratPlay: No mesh assigned for unit definition 'Recon' (unit 10); using the fallback.
[2026.08.14-14.23.35:255][727]LogStratPlay: No AStratScoreboardHUD on the first local player; the match runs without a scoreboard.
[2026.08.14-14.23.35:255][727]LogStratPlay: Match live: seeded from 'E:/MultiAgent/Stratocracy/Data/ferrum_crossing.json' (first side 0), drawn for side 0, 0 hexes and 10 units on screen.
[2026.08.14-14.23.35:255][727]LogStratPlay: STRAT-AI applied kind=Build unit=-1 hex=-1,4 def=0 target=-1 turn=1 side=0 hash=42072b0129c2e7ed
[2026.08.14-14.23.35:255][727]LogStratPlay: STRAT-AI applied kind=Move unit=4 hex=2,1 def=-1 target=-1 turn=1 side=0 hash=14d47dc4b2ec9a92
[2026.08.14-14.23.35:255][727]LogStratPlay: STRAT-AI applied kind=Move unit=2 hex=3,1 def=-1 target=-1 turn=1 side=0 hash=d3624381fb4a4450
[2026.08.14-14.23.35:255][727]LogStratPlay: STRAT-AI applied kind=Move unit=1 hex=2,4 def=-1 target=-1 turn=1 side=0 hash=ed214067da0f3120
[2026.08.14-14.23.35:255][727]LogStratPlay: STRAT-AI applied kind=Move unit=11 hex=1,4 def=-1 target=-1 turn=1 side=0 hash=62b84ed73664ce2a
[2026.08.14-14.23.35:255][727]LogStratPlay: STRAT-AI applied kind=Move unit=5 hex=3,4 def=-1 target=-1 turn=1 side=0 hash=2f01d22911dbcb8a
[2026.08.14-14.23.35:255][727]LogStratPlay: STRAT-AI applied kind=Move unit=3 hex=-1,7 def=-1 target=-1 turn=1 side=0 hash=db63f3ca836d9acb
[2026.08.14-14.23.35:255][727]LogStratPlay: STRAT-AI applied kind=EndTurn unit=-1 hex=0,0 def=-1 target=-1 turn=1 side=0 hash=02cd799951334a5f
[2026.08.14-14.23.35:255][727]LogStratPlay: STRAT-AI turn-ended side=0 turn=1 commands=8 hash=02cd799951334a5f
[2026.08.14-14.23.35:255][727]LogStratPlay: STRAT-AI applied kind=Build unit=-1 hex=7,4 def=0 target=-1 turn=1 side=1 hash=8e8fbe1359f8499b
[2026.08.14-14.23.35:255][727]LogStratPlay: STRAT-AI applied kind=Move unit=8 hex=8,1 def=-1 target=-1 turn=1 side=1 hash=38812b543ae53c49
[2026.08.14-14.23.35:255][727]LogStratPlay: STRAT-AI applied kind=Move unit=7 hex=6,3 def=-1 target=-1 turn=1 side=1 hash=4e791b24b1f05450
[2026.08.14-14.23.35:255][727]LogStratPlay: STRAT-AI applied kind=Move unit=10 hex=4,4 def=-1 target=-1 turn=1 side=1 hash=7ee1906c07752433
[2026.08.14-14.23.35:255][727]LogStratBridge: STRAT-COMBAT resolved attacker=10 defender=5 hex=3,4 turn=1 side=1 attackerSide=1 fqueried=1 flegal=1 fdist=1 fdmg=3 fdies=0 fcounter=1 fcdmg=1 ahpBefore=12 ahpAfter=11 ahpMax=12 adied=0 dhpBefore=12 dhpAfter=9 dhpMax=12 ddied=0 fameBefore=100 fameAfter=100 fameCombatBefore=0 fameCombatAfter=0 agree=1 diverge=0
[2026.08.14-14.23.35:255][727]LogStratPlay: STRAT-AI applied kind=Attack unit=10 hex=3,4 def=-1 target=5 turn=1 side=1 hash=eccfa5f25514795f
[2026.08.14-14.23.35:255][727]LogStratPlay: STRAT-AI applied kind=Move unit=12 hex=4,6 def=-1 target=-1 turn=1 side=1 hash=cae82ddbc9f2ac83
[2026.08.14-14.23.35:255][727]LogStratPlay: STRAT-AI applied kind=Move unit=6 hex=5,4 def=-1 target=-1 turn=1 side=1 hash=f47f45307c157589
[2026.08.14-14.23.35:255][727]LogStratPlay: STRAT-AI applied kind=Move unit=9 hex=6,4 def=-1 target=-1 turn=1 side=1 hash=632030744e485369
[2026.08.14-14.23.35:255][727]LogStratBridge: STRAT-COMBAT resolved attacker=9 defender=5 hex=3,4 turn=1 side=1 attackerSide=1 fqueried=1 flegal=1 fdist=3 fdmg=8 fdies=0 fcounter=0 fcdmg=0 ahpBefore=8 ahpAfter=8 ahpMax=8 adied=0 dhpBefore=9 dhpAfter=1 dhpMax=12 ddied=0 fameBefore=100 fameAfter=100 fameCombatBefore=0 fameCombatAfter=0 agree=1 diverge=0
[2026.08.14-14.23.35:255][727]LogStratPlay: STRAT-AI applied kind=Attack unit=9 hex=3,4 def=-1 target=5 turn=1 side=1 hash=42fcce443260bc5a
[2026.08.14-14.23.35:255][727]LogStratPlay: STRAT-AI applied kind=EndTurn unit=-1 hex=0,0 def=-1 target=-1 turn=1 side=1 hash=b00cf144ba3786e5
[2026.08.14-14.23.35:255][727]LogStratPlay: STRAT-AI turn-ended side=1 turn=1 commands=10 hash=b00cf144ba3786e5
[2026.08.14-14.23.35:255][727]LogStratPlay: STRAT-AI applied kind=Build unit=-1 hex=-1,4 def=0 target=-1 turn=2 side=0 hash=77fcc6f4f9e02523
[2026.08.14-14.23.35:255][727]LogStratPlay: STRAT-AI applied kind=Move unit=4 hex=3,3 def=-1 target=-1 turn=2 side=0 hash=015c0e87626bdb25
[2026.08.14-14.23.35:255][727]LogStratPlay: STRAT-AI applied kind=Move unit=2 hex=5,2 def=-1 target=-1 turn=2 side=0 hash=cc224548ef566c09
[2026.08.14-14.23.35:255][727]LogStratBridge: STRAT-COMBAT resolved attacker=4 defender=6 hex=5,4 turn=2 side=0 attackerSide=0 fqueried=1 flegal=1 fdist=3 fdmg=3 fdies=0 fcounter=0 fcdmg=0 ahpBefore=8 ahpAfter=8 ahpMax=8 adied=0 dhpBefore=20 dhpAfter=17 dhpMax=20 ddied=0 fameBefore=100 fameAfter=100 fameCombatBefore=0 fameCombatAfter=0 agree=1 diverge=0
[2026.08.14-14.23.35:255][727]LogStratPlay: STRAT-AI applied kind=Attack unit=4 hex=5,4 def=-1 target=6 turn=2 side=0 hash=f4a6da171394b2d2
[2026.08.14-14.23.35:255][727]LogStratPlay: STRAT-AI applied kind=Move unit=13 hex=2,2 def=-1 target=-1 turn=2 side=0 hash=551f14450996367d
[2026.08.14-14.23.35:255][727]LogStratPlay: STRAT-AI applied kind=Move unit=11 hex=2,5 def=-1 target=-1 turn=2 side=0 hash=ebcd786912759ee2
[2026.08.14-14.23.35:255][727]LogStratPlay: STRAT-AI applied kind=Move unit=3 hex=2,7 def=-1 target=-1 turn=2 side=0 hash=fe1b45021157c569
[2026.08.14-14.23.35:256][727]LogStratPlay: STRAT-AI applied kind=EndTurn unit=-1 hex=0,0 def=-1 target=-1 turn=2 side=0 hash=09e3d1c73d1a3ec2
[2026.08.14-14.23.35:256][727]LogStratPlay: STRAT-AI turn-ended side=0 turn=2 commands=8 hash=09e3d1c73d1a3ec2
[2026.08.14-14.23.35:256][727]LogStratPlay: STRAT-AI applied kind=Build unit=-1 hex=7,4 def=0 target=-1 turn=2 side=1 hash=28b067d986c6ce62
[2026.08.14-14.23.35:256][727]LogStratPlay: STRAT-AI applied kind=Move unit=8 hex=6,0 def=-1 target=-1 turn=2 side=1 hash=3372c838f2b2d148
[2026.08.14-14.23.35:256][727]LogStratPlay: STRAT-AI applied kind=Move unit=7 hex=5,3 def=-1 target=-1 turn=2 side=1 hash=50ec26082f6d7354
[2026.08.14-14.23.35:256][727]LogStratBridge: STRAT-COMBAT resolved attacker=7 defender=2 hex=5,2 turn=2 side=1 attackerSide=1 fqueried=1 flegal=1 fdist=1 fdmg=1 fdies=0 fcounter=1 fcdmg=1 ahpBefore=10 ahpAfter=9 ahpMax=10 adied=0 dhpBefore=10 dhpAfter=9 dhpMax=10 ddied=0 fameBefore=100 fameAfter=100 fameCombatBefore=0 fameCombatAfter=0 agree=1 diverge=0
[2026.08.14-14.23.35:256][727]LogStratPlay: STRAT-AI applied kind=Attack unit=7 hex=5,2 def=-1 target=2 turn=2 side=1 hash=716ee09261aac60b
[2026.08.14-14.23.35:256][727]LogStratBridge: STRAT-COMBAT resolved attacker=10 defender=5 hex=3,4 turn=2 side=1 attackerSide=1 fqueried=1 flegal=1 fdist=1 fdmg=2 fdies=1 fcounter=0 fcdmg=0 ahpBefore=11 ahpAfter=11 ahpMax=12 adied=0 dhpBefore=1 dhpAfter=-1 dhpMax=12 ddied=1 fameBefore=100 fameAfter=175 fameCombatBefore=0 fameCombatAfter=75 agree=1 diverge=0
[2026.08.14-14.23.35:256][727]LogStratPlay: STRAT-AI applied kind=Attack unit=10 hex=3,4 def=-1 target=5 turn=2 side=1 hash=7711e3354934c87a
[2026.08.14-14.23.35:256][727]LogStratPlay: STRAT-AI applied kind=Move unit=10 hex=3,4 def=-1 target=-1 turn=2 side=1 hash=3da207c1d4ba4e96
[2026.08.14-14.23.35:256][727]LogStratPlay: STRAT-AI applied kind=Move unit=6 hex=4,4 def=-1 target=-1 turn=2 side=1 hash=f8c74c9303637468
[2026.08.14-14.23.35:256][727]LogStratBridge: STRAT-COMBAT resolved attacker=9 defender=2 hex=5,2 turn=2 side=1 attackerSide=1 fqueried=1 flegal=1 fdist=3 fdmg=7 fdies=0 fcounter=0 fcdmg=0 ahpBefore=8 ahpAfter=8 ahpMax=8 adied=0 dhpBefore=9 dhpAfter=2 dhpMax=10 ddied=0 fameBefore=175 fameAfter=175 fameCombatBefore=75 fameCombatAfter=75 agree=1 diverge=0
[2026.08.14-14.23.35:256][727]LogStratPlay: STRAT-AI applied kind=Attack unit=9 hex=5,2 def=-1 target=2 turn=2 side=1 hash=23aec9b590a54ba4
[2026.08.14-14.23.35:256][727]LogStratPlay: STRAT-AI applied kind=Move unit=9 hex=5,4 def=-1 target=-1 turn=2 side=1 hash=9f57e4eee70f256a
[2026.08.14-14.23.35:256][727]LogStratPlay: STRAT-AI applied kind=Move unit=14 hex=4,5 def=-1 target=-1 turn=2 side=1 hash=ac1955752825c5d5
[2026.08.14-14.23.35:256][727]LogStratPlay: STRAT-AI applied kind=Move unit=12 hex=3,6 def=-1 target=-1 turn=2 side=1 hash=1be57ff04d7e0ef9
[2026.08.14-14.23.35:256][727]LogStratBridge: STRAT-COMBAT resolved attacker=12 defender=3 hex=2,7 turn=2 side=1 attackerSide=1 fqueried=1 flegal=1 fdist=1 fdmg=1 fdies=0 fcounter=1 fcdmg=1 ahpBefore=10 ahpAfter=9 ahpMax=10 adied=0 dhpBefore=10 dhpAfter=9 dhpMax=10 ddied=0 fameBefore=175 fameAfter=175 fameCombatBefore=75 fameCombatAfter=75 agree=1 diverge=0
[2026.08.14-14.23.35:256][727]LogStratPlay: STRAT-AI applied kind=Attack unit=12 hex=2,7 def=-1 target=3 turn=2 side=1 hash=a23bf44a9b4e4794
[2026.08.14-14.23.35:256][727]LogStratPlay: STRAT-AI applied kind=EndTurn unit=-1 hex=0,0 def=-1 target=-1 turn=2 side=1 hash=cc34120916720b81
[2026.08.14-14.23.35:256][727]LogStratPlay: STRAT-AI turn-ended side=1 turn=2 commands=13 hash=cc34120916720b81
[2026.08.14-14.23.35:256][727]LogStratPlay: STRAT-AI applied kind=Build unit=-1 hex=5,2 def=0 target=-1 turn=3 side=0 hash=c1b5b7f14b40b30a
[2026.08.14-14.23.35:256][727]LogStratPlay: STRAT-AI applied kind=Build unit=-1 hex=-1,4 def=0 target=-1 turn=3 side=0 hash=eb92dc93ad983107
[2026.08.14-14.23.35:256][727]LogStratBridge: STRAT-COMBAT resolved attacker=15 defender=8 hex=6,0 turn=3 side=0 attackerSide=0 fqueried=1 flegal=1 fdist=1 fdmg=2 fdies=0 fcounter=1 fcdmg=2 ahpBefore=10 ahpAfter=8 ahpMax=10 adied=0 dhpBefore=10 dhpAfter=8 dhpMax=10 ddied=0 fameBefore=50 fameAfter=50 fameCombatBefore=0 fameCombatAfter=0 agree=1 diverge=0
[2026.08.14-14.23.35:256][727]LogStratPlay: STRAT-AI applied kind=Attack unit=15 hex=6,0 def=-1 target=8 turn=3 side=0 hash=b0e448528f4dbcca
[2026.08.14-14.23.35:256][727]LogStratPlay: STRAT-AI applied kind=Move unit=13 hex=4,1 def=-1 target=-1 turn=3 side=0 hash=5dc269d28062406e
[2026.08.14-14.23.35:256][727]LogStratBridge: STRAT-COMBAT resolved attacker=2 defender=7 hex=5,3 turn=3 side=0 attackerSide=0 fqueried=1 flegal=1 fdist=1 fdmg=1 fdies=0 fcounter=1 fcdmg=1 ahpBefore=2 ahpAfter=1 ahpMax=10 adied=0 dhpBefore=9 dhpAfter=8 dhpMax=10 ddied=0 fameBefore=50 fameAfter=50 fameCombatBefore=0 fameCombatAfter=0 agree=1 diverge=0
[2026.08.14-14.23.35:256][727]LogStratPlay: STRAT-AI applied kind=Attack unit=2 hex=5,3 def=-1 target=7 turn=3 side=0 hash=5053b3d5e45c605f
[2026.08.14-14.23.35:256][727]LogStratBridge: STRAT-COMBAT resolved attacker=4 defender=6 hex=4,4 turn=3 side=0 attackerSide=0 fqueried=1 flegal=1 fdist=2 fdmg=3 fdies=0 fcounter=0 fcdmg=0 ahpBefore=8 ahpAfter=8 ahpMax=8 adied=0 dhpBefore=17 dhpAfter=14 dhpMax=20 ddied=0 fameBefore=50 fameAfter=50 fameCombatBefore=0 fameCombatAfter=0 agree=1 diverge=0
[2026.08.14-14.23.35:256][727]LogStratPlay: STRAT-AI applied kind=Attack unit=4 hex=4,4 def=-1 target=6 turn=3 side=0 hash=c9343443db8fcf9d
[2026.08.14-14.23.35:256][727]LogStratPlay: STRAT-AI applied kind=Move unit=4 hex=3,2 def=-1 target=-1 turn=3 side=0 hash=7eac7e8cef086867
[2026.08.14-14.23.35:256][727]LogStratPlay: STRAT-AI applied kind=Move unit=16 hex=1,4 def=-1 target=-1 turn=3 side=0 hash=12c60b90e3367c3b
[2026.08.14-14.23.35:256][727]LogStratBridge: STRAT-COMBAT resolved attacker=1 defender=10 hex=3,4 turn=3 side=0 attackerSide=0 fqueried=1 flegal=1 fdist=1 fdmg=6 fdies=0 fcounter=1 fcdmg=1 ahpBefore=20 ahpAfter=19 ahpMax=20 adied=0 dhpBefore=11 dhpAfter=5 dhpMax=12 ddied=0 fameBefore=50 fameAfter=50 fameCombatBefore=0 fameCombatAfter=0 agree=1 diverge=0
[2026.08.14-14.23.35:256][727]LogStratPlay: STRAT-AI applied kind=Attack unit=1 hex=3,4 def=-1 target=10 turn=3 side=0 hash=d2e205766756eb51
[2026.08.14-14.23.35:256][727]LogStratBridge: STRAT-COMBAT resolved attacker=11 defender=10 hex=3,4 turn=3 side=0 attackerSide=0 fqueried=1 flegal=1 fdist=1 fdmg=1 fdies=0 fcounter=1 fcdmg=1 ahpBefore=10 ahpAfter=9 ahpMax=10 adied=0 dhpBefore=5 dhpAfter=4 dhpMax=12 ddied=0 fameBefore=50 fameAfter=50 fameCombatBefore=0 fameCombatAfter=0 agree=1 diverge=0
[2026.08.14-14.23.35:256][727]LogStratPlay: STRAT-AI applied kind=Attack unit=11 hex=3,4 def=-1 target=10 turn=3 side=0 hash=66d9acdc80d876d5
[2026.08.14-14.23.35:256][727]LogStratBridge: STRAT-COMBAT resolved attacker=3 defender=12 hex=3,6 turn=3 side=0 attackerSide=0 fqueried=1 flegal=1 fdist=1 fdmg=1 fdies=0 fcounter=1 fcdmg=1 ahpBefore=9 ahpAfter=8 ahpMax=10 adied=0 dhpBefore=9 dhpAfter=8 dhpMax=10 ddied=0 fameBefore=50 fameAfter=50 fameCombatBefore=0 fameCombatAfter=0 agree=1 diverge=0
[2026.08.14-14.23.35:256][727]LogStratPlay: STRAT-AI applied kind=Attack unit=3 hex=3,6 def=-1 target=12 turn=3 side=0 hash=4e5203898373302a
[2026.08.14-14.23.35:256][727]LogStratPlay: STRAT-AI applied kind=Move unit=3 hex=5,5 def=-1 target=-1 turn=3 side=0 hash=0aa2d04576c66bda
[2026.08.14-14.23.35:256][727]LogStratPlay: STRAT-AI applied kind=EndTurn unit=-1 hex=0,0 def=-1 target=-1 turn=3 side=0 hash=a00e8967a86cc32b
[2026.08.14-14.23.35:256][727]LogStratPlay: STRAT-AI turn-ended side=0 turn=3 commands=13 hash=a00e8967a86cc32b
[2026.08.14-14.23.35:256][727]LogStratPlay: STRAT-AI applied kind=Build unit=-1 hex=7,4 def=0 target=-1 turn=3 side=1 hash=d7832262b592ac26
[2026.08.14-14.23.35:256][727]LogStratBridge: STRAT-COMBAT resolved attacker=8 defender=15 hex=5,1 turn=3 side=1 attackerSide=1 fqueried=1 flegal=1 fdist=1 fdmg=2 fdies=0 fcounter=1 fcdmg=1 ahpBefore=8 ahpAfter=7 ahpMax=10 adied=0 dhpBefore=8 dhpAfter=6 dhpMax=10 ddied=0 fameBefore=225 fameAfter=225 fameCombatBefore=75 fameCombatAfter=75 agree=1 diverge=0
[2026.08.14-14.23.35:256][727]LogStratPlay: STRAT-AI applied kind=Attack unit=8 hex=5,1 def=-1 target=15 turn=3 side=1 hash=c157f404cf44dc3c
[2026.08.14-14.23.35:256][727]LogStratBridge: STRAT-COMBAT resolved attacker=7 defender=2 hex=5,2 turn=3 side=1 attackerSide=1 fqueried=1 flegal=1 fdist=1 fdmg=1 fdies=1 fcounter=0 fcdmg=0 ahpBefore=8 ahpAfter=8 ahpMax=10 adied=0 dhpBefore=1 dhpAfter=-1 dhpMax=10 ddied=1 fameBefore=225 fameAfter=275 fameCombatBefore=75 fameCombatAfter=125 agree=1 diverge=0
[2026.08.14-14.23.35:256][727]LogStratPlay: STRAT-AI applied kind=Attack unit=7 hex=5,2 def=-1 target=2 turn=3 side=1 hash=07d6512410ac65b5
[2026.08.14-14.23.35:256][727]LogStratPlay: STRAT-AI applied kind=Move unit=8 hex=5,2 def=-1 target=-1 turn=3 side=1 hash=1c1f309bd79ab44d
[2026.08.14-14.23.35:256][727]LogStratBridge: STRAT-COMBAT resolved attacker=10 defender=11 hex=2,5 turn=3 side=1 attackerSide=1 fqueried=1 flegal=1 fdist=1 fdmg=1 fdies=0 fcounter=1 fcdmg=1 ahpBefore=4 ahpAfter=3 ahpMax=12 adied=0 dhpBefore=9 dhpAfter=8 dhpMax=10 ddied=0 fameBefore=275 fameAfter=275 fameCombatBefore=125 fameCombatAfter=125 agree=1 diverge=0
[2026.08.14-14.23.35:256][727]LogStratPlay: STRAT-AI applied kind=Attack unit=10 hex=2,5 def=-1 target=11 turn=3 side=1 hash=9f10684dbf2035a2
[2026.08.14-14.23.35:256][727]LogStratBridge: STRAT-COMBAT resolved attacker=9 defender=1 hex=2,4 turn=3 side=1 attackerSide=1 fqueried=1 flegal=1 fdist=3 fdmg=5 fdies=0 fcounter=0 fcdmg=0 ahpBefore=8 ahpAfter=8 ahpMax=8 adied=0 dhpBefore=19 dhpAfter=14 dhpMax=20 ddied=0 fameBefore=275 fameAfter=275 fameCombatBefore=125 fameCombatAfter=125 agree=1 diverge=0
[2026.08.14-14.23.35:256][727]LogStratPlay: STRAT-AI applied kind=Attack unit=9 hex=2,4 def=-1 target=1 turn=3 side=1 hash=35ded64d5cb5c9c0
[2026.08.14-14.23.35:256][727]LogStratPlay: STRAT-AI applied kind=Move unit=17 hex=6,3 def=-1 target=-1 turn=3 side=1 hash=59ffa974e036cf93
[2026.08.14-14.23.35:256][727]LogStratBridge: STRAT-COMBAT resolved attacker=14 defender=3 hex=5,5 turn=3 side=1 attackerSide=1 fqueried=1 flegal=1 fdist=1 fdmg=2 fdies=0 fcounter=1 fcdmg=1 ahpBefore=10 ahpAfter=9 ahpMax=10 adied=0 dhpBefore=8 dhpAfter=6 dhpMax=10 ddied=0 fameBefore=275 fameAfter=275 fameCombatBefore=125 fameCombatAfter=125 agree=1 diverge=0
[2026.08.14-14.23.35:256][727]LogStratPlay: STRAT-AI applied kind=Attack unit=14 hex=5,5 def=-1 target=3 turn=3 side=1 hash=f498954d807f9474
[2026.08.14-14.23.35:257][727]LogStratPlay: STRAT-AI applied kind=Move unit=14 hex=2,7 def=-1 target=-1 turn=3 side=1 hash=d2928107922108f5
[2026.08.14-14.23.35:257][727]LogStratPlay: STRAT-AI applied kind=Move unit=12 hex=2,6 def=-1 target=-1 turn=3 side=1 hash=b71af15ab1ac7b59
[2026.08.14-14.23.35:257][727]LogStratBridge: STRAT-COMBAT resolved attacker=12 defender=11 hex=2,5 turn=3 side=1 attackerSide=1 fqueried=1 flegal=1 fdist=1 fdmg=1 fdies=0 fcounter=1 fcdmg=1 ahpBefore=8 ahpAfter=7 ahpMax=10 adied=0 dhpBefore=8 dhpAfter=7 dhpMax=10 ddied=0 fameBefore=275 fameAfter=275 fameCombatBefore=125 fameCombatAfter=125 agree=1 diverge=0
[2026.08.14-14.23.35:257][727]LogStratPlay: STRAT-AI applied kind=Attack unit=12 hex=2,5 def=-1 target=11 turn=3 side=1 hash=586ce1d107daa06a
[2026.08.14-14.23.35:257][727]LogStratPlay: STRAT-AI applied kind=EndTurn unit=-1 hex=0,0 def=-1 target=-1 turn=3 side=1 hash=8b0cc86c04ee3209
[2026.08.14-14.23.35:257][727]LogStratPlay: STRAT-AI turn-ended side=1 turn=3 commands=12 hash=8b0cc86c04ee3209
[2026.08.14-14.23.35:257][727]LogStratPlay: STRAT-AI applied kind=Build unit=-1 hex=5,2 def=0 target=-1 turn=4 side=0 hash=417d27c6e3771410
[2026.08.14-14.23.35:257][727]LogStratPlay: STRAT-AI applied kind=Build unit=-1 hex=-1,4 def=0 target=-1 turn=4 side=0 hash=14512a51687cc714
[2026.08.14-14.23.35:257][727]LogStratPlay: STRAT-AI applied kind=Build unit=-1 hex=2,7 def=0 target=-1 turn=4 side=0 hash=7a04b370ad4cec88
[2026.08.14-14.23.35:257][727]LogStratBridge: STRAT-COMBAT resolved attacker=15 defender=8 hex=5,2 turn=4 side=0 attackerSide=0 fqueried=1 flegal=1 fdist=1 fdmg=1 fdies=0 fcounter=1 fcdmg=1 ahpBefore=6 ahpAfter=5 ahpMax=10 adied=0 dhpBefore=7 dhpAfter=6 dhpMax=10 ddied=0 fameBefore=100 fameAfter=100 fameCombatBefore=0 fameCombatAfter=0 agree=1 diverge=0
[2026.08.14-14.23.35:257][727]LogStratPlay: STRAT-AI applied kind=Attack unit=15 hex=5,2 def=-1 target=8 turn=4 side=0 hash=b3cda8902252ba55
[2026.08.14-14.23.35:257][727]LogStratBridge: STRAT-COMBAT resolved attacker=18 defender=8 hex=5,2 turn=4 side=0 attackerSide=0 fqueried=1 flegal=1 fdist=1 fdmg=1 fdies=0 fcounter=1 fcdmg=1 ahpBefore=10 ahpAfter=9 ahpMax=10 adied=0 dhpBefore=6 dhpAfter=5 dhpMax=10 ddied=0 fameBefore=100 fameAfter=100 fameCombatBefore=0 fameCombatAfter=0 agree=1 diverge=0
[2026.08.14-14.23.35:257][727]LogStratPlay: STRAT-AI applied kind=Attack unit=18 hex=5,2 def=-1 target=8 turn=4 side=0 hash=a84856cccd2e829b
[2026.08.14-14.23.35:257][727]LogStratPlay: STRAT-AI applied kind=Move unit=18 hex=8,1 def=-1 target=-1 turn=4 side=0 hash=840e83fd0522a100
[2026.08.14-14.23.35:257][727]LogStratBridge: STRAT-COMBAT resolved attacker=4 defender=6 hex=4,4 turn=4 side=0 attackerSide=0 fqueried=1 flegal=1 fdist=3 fdmg=3 fdies=0 fcounter=0 fcdmg=0 ahpBefore=8 ahpAfter=8 ahpMax=8 adied=0 dhpBefore=14 dhpAfter=11 dhpMax=20 ddied=0 fameBefore=100 fameAfter=100 fameCombatBefore=0 fameCombatAfter=0 agree=1 diverge=0
[2026.08.14-14.23.35:257][727]LogStratPlay: STRAT-AI applied kind=Attack unit=4 hex=4,4 def=-1 target=6 turn=4 side=0 hash=28a1fdcd97f3b12a
[2026.08.14-14.23.35:257][727]LogStratPlay: STRAT-AI applied kind=Move unit=19 hex=2,2 def=-1 target=-1 turn=4 side=0 hash=fdc3254ff8d70e6f
[2026.08.14-14.23.35:257][727]LogStratPlay: STRAT-AI applied kind=Move unit=16 hex=3,3 def=-1 target=-1 turn=4 side=0 hash=a00bb0ca77b50a53
[2026.08.14-14.23.35:257][727]LogStratBridge: STRAT-COMBAT resolved attacker=16 defender=10 hex=3,4 turn=4 side=0 attackerSide=0 fqueried=1 flegal=1 fdist=1 fdmg=1 fdies=0 fcounter=1 fcdmg=1 ahpBefore=10 ahpAfter=9 ahpMax=10 adied=0 dhpBefore=3 dhpAfter=2 dhpMax=12 ddied=0 fameBefore=100 fameAfter=100 fameCombatBefore=0 fameCombatAfter=0 agree=1 diverge=0
[2026.08.14-14.23.35:257][727]LogStratPlay: STRAT-AI applied kind=Attack unit=16 hex=3,4 def=-1 target=10 turn=4 side=0 hash=bab08c9152d7bd19
[2026.08.14-14.23.35:257][727]LogStratBridge: STRAT-COMBAT resolved attacker=1 defender=10 hex=3,4 turn=4 side=0 attackerSide=0 fqueried=1 flegal=1 fdist=1 fdmg=3 fdies=1 fcounter=0 fcdmg=0 ahpBefore=14 ahpAfter=14 ahpMax=20 adied=0 dhpBefore=2 dhpAfter=-1 dhpMax=12 ddied=1 fameBefore=100 fameAfter=175 fameCombatBefore=0 fameCombatAfter=75 agree=1 diverge=0
[2026.08.14-14.23.35:257][727]LogStratPlay: STRAT-AI applied kind=Attack unit=1 hex=3,4 def=-1 target=10 turn=4 side=0 hash=91f89faa1c2f6ede
[2026.08.14-14.23.35:257][727]LogStratPlay: STRAT-AI applied kind=Move unit=1 hex=3,4 def=-1 target=-1 turn=4 side=0 hash=2dd27ab31fe48d8c
[2026.08.14-14.23.35:257][727]LogStratBridge: STRAT-COMBAT resolved attacker=11 defender=12 hex=2,6 turn=4 side=0 attackerSide=0 fqueried=1 flegal=1 fdist=1 fdmg=1 fdies=0 fcounter=1 fcdmg=1 ahpBefore=7 ahpAfter=6 ahpMax=10 adied=0 dhpBefore=7 dhpAfter=6 dhpMax=10 ddied=0 fameBefore=175 fameAfter=175 fameCombatBefore=75 fameCombatAfter=75 agree=1 diverge=0
[2026.08.14-14.23.35:258][727]LogStratPlay: STRAT-AI applied kind=Attack unit=11 hex=2,6 def=-1 target=12 turn=4 side=0 hash=d5492a2581e548ff
[2026.08.14-14.23.35:258][727]LogStratBridge: STRAT-COMBAT resolved attacker=3 defender=9 hex=5,4 turn=4 side=0 attackerSide=0 fqueried=1 flegal=1 fdist=1 fdmg=1 fdies=0 fcounter=0 fcdmg=0 ahpBefore=6 ahpAfter=6 ahpMax=10 adied=0 dhpBefore=8 dhpAfter=7 dhpMax=8 ddied=0 fameBefore=175 fameAfter=175 fameCombatBefore=75 fameCombatAfter=75 agree=1 diverge=0
[2026.08.14-14.23.35:258][727]LogStratPlay: STRAT-AI applied kind=Attack unit=3 hex=5,4 def=-1 target=9 turn=4 side=0 hash=08d4757721033fc5
[2026.08.14-14.23.35:258][727]LogStratPlay: STRAT-AI applied kind=Move unit=3 hex=4,6 def=-1 target=-1 turn=4 side=0 hash=4d212add88e12cb6
[2026.08.14-14.23.35:258][727]LogStratBridge: STRAT-COMBAT resolved attacker=20 defender=12 hex=2,6 turn=4 side=0 attackerSide=0 fqueried=1 flegal=1 fdist=1 fdmg=2 fdies=0 fcounter=1 fcdmg=1 ahpBefore=10 ahpAfter=9 ahpMax=10 adied=0 dhpBefore=6 dhpAfter=4 dhpMax=10 ddied=0 fameBefore=175 fameAfter=175 fameCombatBefore=75 fameCombatAfter=75 agree=1 diverge=0
[2026.08.14-14.23.35:258][727]LogStratPlay: STRAT-AI applied kind=Attack unit=20 hex=2,6 def=-1 target=12 turn=4 side=0 hash=0211051f71358659
[2026.08.14-14.23.35:258][727]LogStratPlay: STRAT-AI applied kind=Move unit=20 hex=4,5 def=-1 target=-1 turn=4 side=0 hash=04930478238f8a46
[2026.08.14-14.23.35:258][727]LogStratPlay: STRAT-AI applied kind=EndTurn unit=-1 hex=0,0 def=-1 target=-1 turn=4 side=0 hash=6fa79f14f2bdb43f
[2026.08.14-14.23.35:258][727]LogStratPlay: STRAT-AI turn-ended side=0 turn=4 commands=18 hash=6fa79f14f2bdb43f
[2026.08.14-14.23.35:258][727]LogStratPlay: STRAT-AI applied kind=Build unit=-1 hex=5,2 def=0 target=-1 turn=4 side=1 hash=95c2123d3d92fc0f
[2026.08.14-14.23.35:258][727]LogStratPlay: STRAT-AI applied kind=Build unit=-1 hex=7,4 def=0 target=-1 turn=4 side=1 hash=43e072541d4cb9a0
[2026.08.14-14.23.35:258][727]LogStratPlay: STRAT-AI applied kind=Build unit=-1 hex=2,7 def=0 target=-1 turn=4 side=1 hash=0bdf50eb7dd13f92
[2026.08.14-14.23.35:258][727]LogStratBridge: STRAT-COMBAT resolved attacker=21 defender=15 hex=5,1 turn=4 side=1 attackerSide=1 fqueried=1 flegal=1 fdist=1 fdmg=2 fdies=0 fcounter=1 fcdmg=1 ahpBefore=10 ahpAfter=9 ahpMax=10 adied=0 dhpBefore=5 dhpAfter=3 dhpMax=10 ddied=0 fameBefore=125 fameAfter=125 fameCombatBefore=125 fameCombatAfter=125 agree=1 diverge=0
[2026.08.14-14.23.35:258][727]LogStratPlay: STRAT-AI applied kind=Attack unit=21 hex=5,1 def=-1 target=15 turn=4 side=1 hash=2ee959f9a7c87697
[2026.08.14-14.23.35:258][727]LogStratBridge: STRAT-COMBAT resolved attacker=8 defender=15 hex=5,1 turn=4 side=1 attackerSide=1 fqueried=1 flegal=1 fdist=1 fdmg=1 fdies=0 fcounter=1 fcdmg=1 ahpBefore=5 ahpAfter=4 ahpMax=10 adied=0 dhpBefore=3 dhpAfter=2 dhpMax=10 ddied=0 fameBefore=125 fameAfter=125 fameCombatBefore=125 fameCombatAfter=125 agree=1 diverge=0
[2026.08.14-14.23.35:258][727]LogStratPlay: STRAT-AI applied kind=Attack unit=8 hex=5,1 def=-1 target=15 turn=4 side=1 hash=d573521fb71d3d92
[2026.08.14-14.23.35:258][727]LogStratBridge: STRAT-COMBAT resolved attacker=6 defender=1 hex=3,4 turn=4 side=1 attackerSide=1 fqueried=1 flegal=1 fdist=1 fdmg=1 fdies=0 fcounter=1 fcdmg=1 ahpBefore=11 ahpAfter=10 ahpMax=20 adied=0 dhpBefore=14 dhpAfter=13 dhpMax=20 ddied=0 fameBefore=125 fameAfter=125 fameCombatBefore=125 fameCombatAfter=125 agree=1 diverge=0
[2026.08.14-14.23.35:258][727]LogStratPlay: STRAT-AI applied kind=Attack unit=6 hex=3,4 def=-1 target=1 turn=4 side=1 hash=5c2440d9b7d59c15
[2026.08.14-14.23.35:258][727]LogStratBridge: STRAT-COMBAT resolved attacker=9 defender=1 hex=3,4 turn=4 side=1 attackerSide=1 fqueried=1 flegal=1 fdist=2 fdmg=5 fdies=0 fcounter=0 fcdmg=0 ahpBefore=7 ahpAfter=7 ahpMax=8 adied=0 dhpBefore=13 dhpAfter=8 dhpMax=20 ddied=0 fameBefore=125 fameAfter=125 fameCombatBefore=125 fameCombatAfter=125 agree=1 diverge=0
[2026.08.14-14.23.35:258][727]LogStratPlay: STRAT-AI applied kind=Attack unit=9 hex=3,4 def=-1 target=1 turn=4 side=1 hash=598873d837da1b9c
[2026.08.14-14.23.35:258][727]LogStratPlay: STRAT-AI applied kind=Move unit=9 hex=6,4 def=-1 target=-1 turn=4 side=1 hash=ebe98f093d9ca0da
[2026.08.14-14.23.35:258][727]LogStratPlay: STRAT-AI applied kind=Move unit=17 hex=5,4 def=-1 target=-1 turn=4 side=1 hash=0efacc3b57b5c005
[2026.08.14-14.23.35:258][727]LogStratBridge: STRAT-COMBAT resolved attacker=17 defender=20 hex=4,5 turn=4 side=1 attackerSide=1 fqueried=1 flegal=1 fdist=1 fdmg=2 fdies=0 fcounter=1 fcdmg=1 ahpBefore=10 ahpAfter=9 ahpMax=10 adied=0 dhpBefore=9 dhpAfter=7 dhpMax=10 ddied=0 fameBefore=125 fameAfter=125 fameCombatBefore=125 fameCombatAfter=125 agree=1 diverge=0
[2026.08.14-14.23.35:258][727]LogStratPlay: STRAT-AI applied kind=Attack unit=17 hex=4,5 def=-1 target=20 turn=4 side=1 hash=09c3160482af5b6e
[2026.08.14-14.23.35:258][727]LogStratPlay: STRAT-AI applied kind=Move unit=22 hex=6,3 def=-1 target=-1 turn=4 side=1 hash=f492a2080295a93f
[2026.08.14-14.23.35:258][727]LogStratBridge: STRAT-COMBAT resolved attacker=12 defender=11 hex=2,5 turn=4 side=1 attackerSide=1 fqueried=1 flegal=1 fdist=1 fdmg=1 fdies=0 fcounter=1 fcdmg=1 ahpBefore=4 ahpAfter=3 ahpMax=10 adied=0 dhpBefore=6 dhpAfter=5 dhpMax=10 ddied=0 fameBefore=125 fameAfter=125 fameCombatBefore=125 fameCombatAfter=125 agree=1 diverge=0
[2026.08.14-14.23.35:258][727]LogStratPlay: STRAT-AI applied kind=Attack unit=12 hex=2,5 def=-1 target=11 turn=4 side=1 hash=3d4a9fe1c93a43d6
[2026.08.14-14.23.35:258][727]LogStratPlay: STRAT-AI applied kind=Move unit=12 hex=-1,7 def=-1 target=-1 turn=4 side=1 hash=668818299c5b2f92
[2026.08.14-14.23.35:258][727]LogStratBridge: STRAT-COMBAT resolved attacker=23 defender=20 hex=4,5 turn=4 side=1 attackerSide=1 fqueried=1 flegal=1 fdist=1 fdmg=2 fdies=0 fcounter=1 fcdmg=1 ahpBefore=10 ahpAfter=9 ahpMax=10 adied=0 dhpBefore=7 dhpAfter=5 dhpMax=10 ddied=0 fameBefore=125 fameAfter=125 fameCombatBefore=125 fameCombatAfter=125 agree=1 diverge=0
[2026.08.14-14.23.35:258][727]LogStratPlay: STRAT-AI applied kind=Attack unit=23 hex=4,5 def=-1 target=20 turn=4 side=1 hash=b93ac4a9e5c80467
[2026.08.14-14.23.35:258][727]LogStratPlay: STRAT-AI applied kind=Move unit=14 hex=2,6 def=-1 target=-1 turn=4 side=1 hash=174be1795208794d
[2026.08.14-14.23.35:258][727]LogStratBridge: STRAT-COMBAT resolved attacker=14 defender=11 hex=2,5 turn=4 side=1 attackerSide=1 fqueried=1 flegal=1 fdist=1 fdmg=2 fdies=0 fcounter=1 fcdmg=1 ahpBefore=9 ahpAfter=8 ahpMax=10 adied=0 dhpBefore=5 dhpAfter=3 dhpMax=10 ddied=0 fameBefore=125 fameAfter=125 fameCombatBefore=125 fameCombatAfter=125 agree=1 diverge=0
[2026.08.14-14.23.35:258][727]LogStratPlay: STRAT-AI applied kind=Attack unit=14 hex=2,5 def=-1 target=11 turn=4 side=1 hash=8a06d259f3217441
[2026.08.14-14.23.35:258][727]LogStratPlay: STRAT-AI applied kind=EndTurn unit=-1 hex=0,0 def=-1 target=-1 turn=4 side=1 hash=248363e85662c959
[2026.08.14-14.23.35:258][727]LogStratPlay: STRAT-AI turn-ended side=1 turn=4 commands=17 hash=248363e85662c959
[2026.08.14-14.23.35:258][727]LogStratPlay: STRAT-AI applied kind=Build unit=-1 hex=-1,4 def=0 target=-1 turn=5 side=0 hash=3f6527c8fb7b350d
[2026.08.14-14.23.35:258][727]LogStratBridge: STRAT-COMBAT resolved attacker=15 defender=8 hex=5,2 turn=5 side=0 attackerSide=0 fqueried=1 flegal=1 fdist=1 fdmg=1 fdies=0 fcounter=1 fcdmg=1 ahpBefore=2 ahpAfter=1 ahpMax=10 adied=0 dhpBefore=4 dhpAfter=3 dhpMax=10 ddied=0 fameBefore=225 fameAfter=225 fameCombatBefore=75 fameCombatAfter=75 agree=1 diverge=0
[2026.08.14-14.23.35:258][727]LogStratPlay: STRAT-AI applied kind=Attack unit=15 hex=5,2 def=-1 target=8 turn=5 side=0 hash=f46edff56e57fb80
[2026.08.14-14.23.35:258][727]LogStratPlay: STRAT-AI applied kind=Move unit=18 hex=6,2 def=-1 target=-1 turn=5 side=0 hash=edd6895c5355db8a
[2026.08.14-14.23.35:258][727]LogStratPlay: STRAT-AI applied kind=Move unit=19 hex=2,4 def=-1 target=-1 turn=5 side=0 hash=2cdf4ca60f273af3
[2026.08.14-14.23.35:258][727]LogStratBridge: STRAT-COMBAT resolved attacker=4 defender=6 hex=4,4 turn=5 side=0 attackerSide=0 fqueried=1 flegal=1 fdist=3 fdmg=3 fdies=0 fcounter=0 fcdmg=0 ahpBefore=8 ahpAfter=8 ahpMax=8 adied=0 dhpBefore=10 dhpAfter=7 dhpMax=20 ddied=0 fameBefore=225 fameAfter=225 fameCombatBefore=75 fameCombatAfter=75 agree=1 diverge=0
[2026.08.14-14.23.35:258][727]LogStratPlay: STRAT-AI applied kind=Attack unit=4 hex=4,4 def=-1 target=6 turn=5 side=0 hash=7b0ffdc5867d37de
[2026.08.14-14.23.35:258][727]LogStratBridge: STRAT-COMBAT resolved attacker=18 defender=22 hex=6,3 turn=5 side=0 attackerSide=0 fqueried=1 flegal=1 fdist=1 fdmg=2 fdies=0 fcounter=1 fcdmg=1 ahpBefore=9 ahpAfter=8 ahpMax=10 adied=0 dhpBefore=10 dhpAfter=8 dhpMax=10 ddied=0 fameBefore=225 fameAfter=225 fameCombatBefore=75 fameCombatAfter=75 agree=1 diverge=0
[2026.08.14-14.23.35:258][727]LogStratPlay: STRAT-AI applied kind=Attack unit=18 hex=6,3 def=-1 target=22 turn=5 side=0 hash=3514fac277ff9913
[2026.08.14-14.23.35:258][727]LogStratPlay: STRAT-AI applied kind=Move unit=24 hex=1,4 def=-1 target=-1 turn=5 side=0 hash=811f574ada7d00b7
[2026.08.14-14.23.35:258][727]LogStratBridge: STRAT-COMBAT resolved attacker=1 defender=6 hex=4,4 turn=5 side=0 attackerSide=0 fqueried=1 flegal=1 fdist=1 fdmg=1 fdies=0 fcounter=1 fcdmg=1 ahpBefore=8 ahpAfter=7 ahpMax=20 adied=0 dhpBefore=7 dhpAfter=6 dhpMax=20 ddied=0 fameBefore=225 fameAfter=225 fameCombatBefore=75 fameCombatAfter=75 agree=1 diverge=0
[2026.08.14-14.23.35:259][727]LogStratPlay: STRAT-AI applied kind=Attack unit=1 hex=4,4 def=-1 target=6 turn=5 side=0 hash=9fa1f2df3248334e
[2026.08.14-14.23.35:259][727]LogStratBridge: STRAT-COMBAT resolved attacker=11 defender=14 hex=2,6 turn=5 side=0 attackerSide=0 fqueried=1 flegal=1 fdist=1 fdmg=1 fdies=0 fcounter=1 fcdmg=1 ahpBefore=3 ahpAfter=2 ahpMax=10 adied=0 dhpBefore=8 dhpAfter=7 dhpMax=10 ddied=0 fameBefore=225 fameAfter=225 fameCombatBefore=75 fameCombatAfter=75 agree=1 diverge=0
[2026.08.14-14.23.35:259][727]LogStratPlay: STRAT-AI applied kind=Attack unit=11 hex=2,6 def=-1 target=14 turn=5 side=0 hash=b9a49800425c136b
[2026.08.14-14.23.35:259][727]LogStratBridge: STRAT-COMBAT resolved attacker=20 defender=6 hex=4,4 turn=5 side=0 attackerSide=0 fqueried=1 flegal=1 fdist=1 fdmg=1 fdies=0 fcounter=1 fcdmg=1 ahpBefore=5 ahpAfter=4 ahpMax=10 adied=0 dhpBefore=6 dhpAfter=5 dhpMax=20 ddied=0 fameBefore=225 fameAfter=225 fameCombatBefore=75 fameCombatAfter=75 agree=1 diverge=0
[2026.08.14-14.23.35:259][727]LogStratPlay: STRAT-AI applied kind=Attack unit=20 hex=4,4 def=-1 target=6 turn=5 side=0 hash=8c94b4a76c61a1be
[2026.08.14-14.23.35:259][727]LogStratBridge: STRAT-COMBAT resolved attacker=3 defender=23 hex=3,6 turn=5 side=0 attackerSide=0 fqueried=1 flegal=1 fdist=1 fdmg=1 fdies=0 fcounter=1 fcdmg=1 ahpBefore=6 ahpAfter=5 ahpMax=10 adied=0 dhpBefore=9 dhpAfter=8 dhpMax=10 ddied=0 fameBefore=225 fameAfter=225 fameCombatBefore=75 fameCombatAfter=75 agree=1 diverge=0
[2026.08.14-14.23.35:259][727]LogStratPlay: STRAT-AI applied kind=Attack unit=3 hex=3,6 def=-1 target=23 turn=5 side=0 hash=d443638247b927bd
[2026.08.14-14.23.35:259][727]LogStratPlay: STRAT-AI applied kind=EndTurn unit=-1 hex=0,0 def=-1 target=-1 turn=5 side=0 hash=38844b6cc607ef35
[2026.08.14-14.23.35:259][727]LogStratPlay: STRAT-AI turn-ended side=0 turn=5 commands=12 hash=38844b6cc607ef35
[2026.08.14-14.23.35:259][727]LogStratPlay: STRAT-AI applied kind=Build unit=-1 hex=5,2 def=0 target=-1 turn=5 side=1 hash=144bccd1bdc3ab12
[2026.08.14-14.23.35:259][727]LogStratPlay: STRAT-AI applied kind=Build unit=-1 hex=7,4 def=0 target=-1 turn=5 side=1 hash=0d3f4dd8364d3dfd
[2026.08.14-14.23.35:259][727]LogStratPlay: STRAT-AI applied kind=Build unit=-1 hex=2,7 def=0 target=-1 turn=5 side=1 hash=6d01e2f523f33f0b
[2026.08.14-14.23.35:259][727]LogStratBridge: STRAT-COMBAT resolved attacker=21 defender=15 hex=5,1 turn=5 side=1 attackerSide=1 fqueried=1 flegal=1 fdist=1 fdmg=2 fdies=1 fcounter=0 fcdmg=0 ahpBefore=9 ahpAfter=9 ahpMax=10 adied=0 dhpBefore=1 dhpAfter=-1 dhpMax=10 ddied=1 fameBefore=125 fameAfter=175 fameCombatBefore=125 fameCombatAfter=175 agree=1 diverge=0
[2026.08.14-14.23.35:259][727]LogStratPlay: STRAT-AI applied kind=Attack unit=21 hex=5,1 def=-1 target=15 turn=5 side=1 hash=dda3677468f83468
[2026.08.14-14.23.35:259][727]LogStratPlay: STRAT-AI applied kind=Move unit=21 hex=8,1 def=-1 target=-1 turn=5 side=1 hash=89de3b5960ddb707
[2026.08.14-14.23.35:259][727]LogStratBridge: STRAT-COMBAT resolved attacker=25 defender=4 hex=3,2 turn=5 side=1 attackerSide=1 fqueried=1 flegal=1 fdist=1 fdmg=3 fdies=0 fcounter=0 fcdmg=0 ahpBefore=10 ahpAfter=10 ahpMax=10 adied=0 dhpBefore=8 dhpAfter=5 dhpMax=8 ddied=0 fameBefore=175 fameAfter=175 fameCombatBefore=175 fameCombatAfter=175 agree=1 diverge=0
[2026.08.14-14.23.35:259][727]LogStratPlay: STRAT-AI applied kind=Attack unit=25 hex=3,2 def=-1 target=4 turn=5 side=1 hash=134627b61a91c2f5
[2026.08.14-14.23.35:259][727]LogStratBridge: STRAT-COMBAT resolved attacker=8 defender=18 hex=6,2 turn=5 side=1 attackerSide=1 fqueried=1 flegal=1 fdist=1 fdmg=1 fdies=0 fcounter=1 fcdmg=1 ahpBefore=3 ahpAfter=2 ahpMax=10 adied=0 dhpBefore=8 dhpAfter=7 dhpMax=10 ddied=0 fameBefore=175 fameAfter=175 fameCombatBefore=175 fameCombatAfter=175 agree=1 diverge=0
[2026.08.14-14.23.35:259][727]LogStratPlay: STRAT-AI applied kind=Attack unit=8 hex=6,2 def=-1 target=18 turn=5 side=1 hash=e83a898ceb246d46
[2026.08.14-14.23.35:259][727]LogStratBridge: STRAT-COMBAT resolved attacker=7 defender=18 hex=6,2 turn=5 side=1 attackerSide=1 fqueried=1 flegal=1 fdist=1 fdmg=1 fdies=0 fcounter=1 fcdmg=1 ahpBefore=8 ahpAfter=7 ahpMax=10 adied=0 dhpBefore=7 dhpAfter=6 dhpMax=10 ddied=0 fameBefore=175 fameAfter=175 fameCombatBefore=175 fameCombatAfter=175 agree=1 diverge=0
[2026.08.14-14.23.35:259][727]LogStratPlay: STRAT-AI applied kind=Attack unit=7 hex=6,2 def=-1 target=18 turn=5 side=1 hash=4c14ff37cc4862b9
[2026.08.14-14.23.35:259][727]LogStratBridge: STRAT-COMBAT resolved attacker=22 defender=18 hex=6,2 turn=5 side=1 attackerSide=1 fqueried=1 flegal=1 fdist=1 fdmg=1 fdies=0 fcounter=1 fcdmg=1 ahpBefore=8 ahpAfter=7 ahpMax=10 adied=0 dhpBefore=6 dhpAfter=5 dhpMax=10 ddied=0 fameBefore=175 fameAfter=175 fameCombatBefore=175 fameCombatAfter=175 agree=1 diverge=0
[2026.08.14-14.23.35:259][727]LogStratPlay: STRAT-AI applied kind=Attack unit=22 hex=6,2 def=-1 target=18 turn=5 side=1 hash=8d52faf587604ab8
[2026.08.14-14.23.35:259][727]LogStratBridge: STRAT-COMBAT resolved attacker=6 defender=1 hex=3,4 turn=5 side=1 attackerSide=1 fqueried=1 flegal=1 fdist=1 fdmg=1 fdies=0 fcounter=1 fcdmg=1 ahpBefore=5 ahpAfter=4 ahpMax=20 adied=0 dhpBefore=7 dhpAfter=6 dhpMax=20 ddied=0 fameBefore=175 fameAfter=175 fameCombatBefore=175 fameCombatAfter=175 agree=1 diverge=0
[2026.08.14-14.23.35:259][727]LogStratPlay: STRAT-AI applied kind=Attack unit=6 hex=3,4 def=-1 target=1 turn=5 side=1 hash=077861f2802e6921
[2026.08.14-14.23.35:259][727]LogStratBridge: STRAT-COMBAT resolved attacker=17 defender=20 hex=4,5 turn=5 side=1 attackerSide=1 fqueried=1 flegal=1 fdist=1 fdmg=2 fdies=0 fcounter=1 fcdmg=1 ahpBefore=9 ahpAfter=8 ahpMax=10 adied=0 dhpBefore=4 dhpAfter=2 dhpMax=10 ddied=0 fameBefore=175 fameAfter=175 fameCombatBefore=175 fameCombatAfter=175 agree=1 diverge=0
[2026.08.14-14.23.35:259][727]LogStratPlay: STRAT-AI applied kind=Attack unit=17 hex=4,5 def=-1 target=20 turn=5 side=1 hash=1dcc9c53cdd43419
[2026.08.14-14.23.35:259][727]LogStratBridge: STRAT-COMBAT resolved attacker=9 defender=1 hex=3,4 turn=5 side=1 attackerSide=1 fqueried=1 flegal=1 fdist=3 fdmg=5 fdies=0 fcounter=0 fcdmg=0 ahpBefore=7 ahpAfter=7 ahpMax=8 adied=0 dhpBefore=6 dhpAfter=1 dhpMax=20 ddied=0 fameBefore=175 fameAfter=175 fameCombatBefore=175 fameCombatAfter=175 agree=1 diverge=0
[2026.08.14-14.23.35:259][727]LogStratPlay: STRAT-AI applied kind=Attack unit=9 hex=3,4 def=-1 target=1 turn=5 side=1 hash=9b2af605ab2b856b
[2026.08.14-14.23.35:259][727]LogStratPlay: STRAT-AI applied kind=Move unit=26 hex=5,5 def=-1 target=-1 turn=5 side=1 hash=1782ae6b48297649
[2026.08.14-14.23.35:259][727]LogStratBridge: STRAT-COMBAT resolved attacker=26 defender=20 hex=4,5 turn=5 side=1 attackerSide=1 fqueried=1 flegal=1 fdist=1 fdmg=2 fdies=1 fcounter=0 fcdmg=0 ahpBefore=10 ahpAfter=10 ahpMax=10 adied=0 dhpBefore=2 dhpAfter=-1 dhpMax=10 ddied=1 fameBefore=175 fameAfter=225 fameCombatBefore=175 fameCombatAfter=225 agree=1 diverge=0
[2026.08.14-14.23.35:259][727]LogStratPlay: STRAT-AI applied kind=Attack unit=26 hex=4,5 def=-1 target=20 turn=5 side=1 hash=c1117c3613be7c6a
[2026.08.14-14.23.35:259][727]LogStratBridge: STRAT-COMBAT resolved attacker=14 defender=11 hex=2,5 turn=5 side=1 attackerSide=1 fqueried=1 flegal=1 fdist=1 fdmg=1 fdies=0 fcounter=1 fcdmg=1 ahpBefore=7 ahpAfter=6 ahpMax=10 adied=0 dhpBefore=2 dhpAfter=1 dhpMax=10 ddied=0 fameBefore=225 fameAfter=225 fameCombatBefore=225 fameCombatAfter=225 agree=1 diverge=0
[2026.08.14-14.23.35:259][727]LogStratPlay: STRAT-AI applied kind=Attack unit=14 hex=2,5 def=-1 target=11 turn=5 side=1 hash=83289a5dfe385bcf
[2026.08.14-14.23.35:259][727]LogStratBridge: STRAT-COMBAT resolved attacker=23 defender=3 hex=4,6 turn=5 side=1 attackerSide=1 fqueried=1 flegal=1 fdist=1 fdmg=1 fdies=0 fcounter=1 fcdmg=1 ahpBefore=8 ahpAfter=7 ahpMax=10 adied=0 dhpBefore=5 dhpAfter=4 dhpMax=10 ddied=0 fameBefore=225 fameAfter=225 fameCombatBefore=225 fameCombatAfter=225 agree=1 diverge=0
[2026.08.14-14.23.35:259][727]LogStratPlay: STRAT-AI applied kind=Attack unit=23 hex=4,6 def=-1 target=3 turn=5 side=1 hash=88431918717b06fa
[2026.08.14-14.23.35:259][727]LogStratPlay: STRAT-AI applied kind=Move unit=12 hex=-1,4 def=-1 target=-1 turn=5 side=1 hash=57f781350f41087a
[2026.08.14-14.23.35:259][727]LogStratPlay: STRAT-AI applied kind=EndTurn unit=-1 hex=0,0 def=-1 target=-1 turn=5 side=1 hash=150703fa43920371
[2026.08.14-14.23.35:259][727]LogStratPlay: STRAT-AI turn-ended side=1 turn=5 commands=18 hash=150703fa43920371
[2026.08.14-14.23.35:259][727]LogStratPlay: STRAT-AI applied kind=Build unit=-1 hex=-1,4 def=0 target=-1 turn=6 side=0 hash=73d5bed5d467fb30
[2026.08.14-14.23.35:259][727]LogStratBridge: STRAT-COMBAT resolved attacker=13 defender=25 hex=4,2 turn=6 side=0 attackerSide=0 fqueried=1 flegal=1 fdist=1 fdmg=2 fdies=0 fcounter=1 fcdmg=1 ahpBefore=10 ahpAfter=9 ahpMax=10 adied=0 dhpBefore=10 dhpAfter=8 dhpMax=10 ddied=0 fameBefore=300 fameAfter=300 fameCombatBefore=75 fameCombatAfter=75 agree=1 diverge=0
[2026.08.14-14.23.35:259][727]LogStratPlay: STRAT-AI applied kind=Attack unit=13 hex=4,2 def=-1 target=25 turn=6 side=0 hash=b18138fbaccc2c52
[2026.08.14-14.23.35:259][727]LogStratBridge: STRAT-COMBAT resolved attacker=4 defender=6 hex=4,4 turn=6 side=0 attackerSide=0 fqueried=1 flegal=1 fdist=3 fdmg=1 fdies=0 fcounter=0 fcdmg=0 ahpBefore=5 ahpAfter=5 ahpMax=8 adied=0 dhpBefore=4 dhpAfter=3 dhpMax=20 ddied=0 fameBefore=300 fameAfter=300 fameCombatBefore=75 fameCombatAfter=75 agree=1 diverge=0
[2026.08.14-14.23.35:259][727]LogStratPlay: STRAT-AI applied kind=Attack unit=4 hex=4,4 def=-1 target=6 turn=6 side=0 hash=066479332575f694
[2026.08.14-14.23.35:259][727]LogStratBridge: STRAT-COMBAT resolved attacker=18 defender=8 hex=5,2 turn=6 side=0 attackerSide=0 fqueried=1 flegal=1 fdist=1 fdmg=1 fdies=0 fcounter=1 fcdmg=1 ahpBefore=5 ahpAfter=4 ahpMax=10 adied=0 dhpBefore=2 dhpAfter=1 dhpMax=10 ddied=0 fameBefore=300 fameAfter=300 fameCombatBefore=75 fameCombatAfter=75 agree=1 diverge=0
[2026.08.14-14.23.35:259][727]LogStratPlay: STRAT-AI applied kind=Attack unit=18 hex=5,2 def=-1 target=8 turn=6 side=0 hash=b9adb57fea194b3f
[2026.08.14-14.23.35:259][727]LogStratBridge: STRAT-COMBAT resolved attacker=28 defender=12 hex=-1,4 turn=6 side=0 attackerSide=0 fqueried=1 flegal=1 fdist=1 fdmg=1 fdies=0 fcounter=1 fcdmg=1 ahpBefore=10 ahpAfter=9 ahpMax=10 adied=0 dhpBefore=3 dhpAfter=2 dhpMax=10 ddied=0 fameBefore=300 fameAfter=300 fameCombatBefore=75 fameCombatAfter=75 agree=1 diverge=0
[2026.08.14-14.23.35:259][727]LogStratPlay: STRAT-AI applied kind=Attack unit=28 hex=-1,4 def=-1 target=12 turn=6 side=0 hash=b7c1ec3e77131ae9
[2026.08.14-14.23.35:259][727]LogStratPlay: STRAT-AI applied kind=Move unit=28 hex=2,2 def=-1 target=-1 turn=6 side=0 hash=629261a385f754a7
[2026.08.14-14.23.35:259][727]LogStratBridge: STRAT-COMBAT resolved attacker=16 defender=25 hex=4,2 turn=6 side=0 attackerSide=0 fqueried=1 flegal=1 fdist=1 fdmg=2 fdies=0 fcounter=1 fcdmg=1 ahpBefore=9 ahpAfter=8 ahpMax=10 adied=0 dhpBefore=8 dhpAfter=6 dhpMax=10 ddied=0 fameBefore=300 fameAfter=300 fameCombatBefore=75 fameCombatAfter=75 agree=1 diverge=0
[2026.08.14-14.23.35:259][727]LogStratPlay: STRAT-AI applied kind=Attack unit=16 hex=4,2 def=-1 target=25 turn=6 side=0 hash=8667f26286a1422b
[2026.08.14-14.23.35:259][727]LogStratPlay: STRAT-AI applied kind=Move unit=24 hex=-1,7 def=-1 target=-1 turn=6 side=0 hash=cea7a0bf77be444e
[2026.08.14-14.23.35:260][727]LogStratBridge: STRAT-COMBAT resolved attacker=3 defender=26 hex=5,5 turn=6 side=0 attackerSide=0 fqueried=1 flegal=1 fdist=1 fdmg=1 fdies=0 fcounter=1 fcdmg=1 ahpBefore=4 ahpAfter=3 ahpMax=10 adied=0 dhpBefore=10 dhpAfter=9 dhpMax=10 ddied=0 fameBefore=300 fameAfter=300 fameCombatBefore=75 fameCombatAfter=75 agree=1 diverge=0
[2026.08.14-14.23.35:260][727]LogStratPlay: STRAT-AI applied kind=Attack unit=3 hex=5,5 def=-1 target=26 turn=6 side=0 hash=958f0b39e426a7c4
[2026.08.14-14.23.35:260][727]LogStratPlay: STRAT-AI applied kind=Move unit=3 hex=4,5 def=-1 target=-1 turn=6 side=0 hash=293c60f26eec70d0
[2026.08.14-14.23.35:260][727]LogStratPlay: STRAT-AI applied kind=EndTurn unit=-1 hex=0,0 def=-1 target=-1 turn=6 side=0 hash=3d3de2cf1755f09e
[2026.08.14-14.23.35:260][727]LogStratPlay: STRAT-AI turn-ended side=0 turn=6 commands=11 hash=3d3de2cf1755f09e
[2026.08.14-14.23.35:260][727]LogStratPlay: STRAT-AI applied kind=Build unit=-1 hex=5,2 def=0 target=-1 turn=6 side=1 hash=3241c0c6cb3c21bb
[2026.08.14-14.23.35:260][727]LogStratPlay: STRAT-AI applied kind=Build unit=-1 hex=-1,4 def=0 target=-1 turn=6 side=1 hash=24b3a4e46524b92c
[2026.08.14-14.23.35:260][727]LogStratPlay: STRAT-AI applied kind=Build unit=-1 hex=7,4 def=0 target=-1 turn=6 side=1 hash=18f93f6049633113
[2026.08.14-14.23.35:260][727]LogStratPlay: STRAT-AI applied kind=Build unit=-1 hex=2,7 def=0 target=-1 turn=6 side=1 hash=9f89c45b3378dfbe
[2026.08.14-14.23.35:260][727]LogStratBridge: STRAT-COMBAT resolved attacker=29 defender=13 hex=4,1 turn=6 side=1 attackerSide=1 fqueried=1 flegal=1 fdist=1 fdmg=2 fdies=0 fcounter=1 fcdmg=1 ahpBefore=10 ahpAfter=9 ahpMax=10 adied=0 dhpBefore=9 dhpAfter=7 dhpMax=10 ddied=0 fameBefore=150 fameAfter=150 fameCombatBefore=225 fameCombatAfter=225 agree=1 diverge=0
[2026.08.14-14.23.35:260][727]LogStratPlay: STRAT-AI applied kind=Attack unit=29 hex=4,1 def=-1 target=13 turn=6 side=1 hash=3aceb7b599ae82c7
[2026.08.14-14.23.35:260][727]LogStratPlay: STRAT-AI applied kind=Move unit=21 hex=6,1 def=-1 target=-1 turn=6 side=1 hash=15215ff2271ea764
[2026.08.14-14.23.35:260][727]LogStratBridge: STRAT-COMBAT resolved attacker=21 defender=18 hex=6,2 turn=6 side=1 attackerSide=1 fqueried=1 flegal=1 fdist=1 fdmg=1 fdies=0 fcounter=1 fcdmg=1 ahpBefore=9 ahpAfter=8 ahpMax=10 adied=0 dhpBefore=4 dhpAfter=3 dhpMax=10 ddied=0 fameBefore=150 fameAfter=150 fameCombatBefore=225 fameCombatAfter=225 agree=1 diverge=0
[2026.08.14-14.23.35:260][727]LogStratPlay: STRAT-AI applied kind=Attack unit=21 hex=6,2 def=-1 target=18 turn=6 side=1 hash=4ff7a83c7c937267
[2026.08.14-14.23.35:260][727]LogStratBridge: STRAT-COMBAT resolved attacker=25 defender=13 hex=4,1 turn=6 side=1 attackerSide=1 fqueried=1 flegal=1 fdist=1 fdmg=1 fdies=0 fcounter=1 fcdmg=1 ahpBefore=6 ahpAfter=5 ahpMax=10 adied=0 dhpBefore=7 dhpAfter=6 dhpMax=10 ddied=0 fameBefore=150 fameAfter=150 fameCombatBefore=225 fameCombatAfter=225 agree=1 diverge=0
[2026.08.14-14.23.35:260][727]LogStratPlay: STRAT-AI applied kind=Attack unit=25 hex=4,1 def=-1 target=13 turn=6 side=1 hash=25fc4906ea2b3a22
[2026.08.14-14.23.35:260][727]LogStratPlay: STRAT-AI applied kind=Move unit=30 hex=1,4 def=-1 target=-1 turn=6 side=1 hash=7cf25fedcdc87797
[2026.08.14-14.23.35:260][727]LogStratBridge: STRAT-COMBAT resolved attacker=7 defender=18 hex=6,2 turn=6 side=1 attackerSide=1 fqueried=1 flegal=1 fdist=1 fdmg=1 fdies=0 fcounter=1 fcdmg=1 ahpBefore=7 ahpAfter=6 ahpMax=10 adied=0 dhpBefore=3 dhpAfter=2 dhpMax=10 ddied=0 fameBefore=150 fameAfter=150 fameCombatBefore=225 fameCombatAfter=225 agree=1 diverge=0
[2026.08.14-14.23.35:260][727]LogStratPlay: STRAT-AI applied kind=Attack unit=7 hex=6,2 def=-1 target=18 turn=6 side=1 hash=e4ec597372d1e264
[2026.08.14-14.23.35:260][727]LogStratBridge: STRAT-COMBAT resolved attacker=22 defender=18 hex=6,2 turn=6 side=1 attackerSide=1 fqueried=1 flegal=1 fdist=1 fdmg=1 fdies=0 fcounter=1 fcdmg=1 ahpBefore=7 ahpAfter=6 ahpMax=10 adied=0 dhpBefore=2 dhpAfter=1 dhpMax=10 ddied=0 fameBefore=150 fameAfter=150 fameCombatBefore=225 fameCombatAfter=225 agree=1 diverge=0
[2026.08.14-14.23.35:260][727]LogStratPlay: STRAT-AI applied kind=Attack unit=22 hex=6,2 def=-1 target=18 turn=6 side=1 hash=7b45b1b3fd450c0d
[2026.08.14-14.23.35:260][727]LogStratBridge: STRAT-COMBAT resolved attacker=8 defender=18 hex=6,2 turn=6 side=1 attackerSide=1 fqueried=1 flegal=1 fdist=1 fdmg=1 fdies=1 fcounter=0 fcdmg=0 ahpBefore=1 ahpAfter=1 ahpMax=10 adied=0 dhpBefore=1 dhpAfter=-1 dhpMax=10 ddied=1 fameBefore=150 fameAfter=200 fameCombatBefore=225 fameCombatAfter=275 agree=1 diverge=0
[2026.08.14-14.23.35:260][727]LogStratPlay: STRAT-AI applied kind=Attack unit=8 hex=6,2 def=-1 target=18 turn=6 side=1 hash=826155e2bfe17494
[2026.08.14-14.23.35:260][727]LogStratPlay: STRAT-AI applied kind=Move unit=12 hex=1,3 def=-1 target=-1 turn=6 side=1 hash=a92082990b83fb27
[2026.08.14-14.23.35:260][727]LogStratBridge: STRAT-COMBAT resolved attacker=12 defender=28 hex=2,2 turn=6 side=1 attackerSide=1 fqueried=1 flegal=1 fdist=1 fdmg=1 fdies=0 fcounter=1 fcdmg=1 ahpBefore=2 ahpAfter=1 ahpMax=10 adied=0 dhpBefore=9 dhpAfter=8 dhpMax=10 ddied=0 fameBefore=200 fameAfter=200 fameCombatBefore=275 fameCombatAfter=275 agree=1 diverge=0
[2026.08.14-14.23.35:260][727]LogStratPlay: STRAT-AI applied kind=Attack unit=12 hex=2,2 def=-1 target=28 turn=6 side=1 hash=fc40a99e080a4b56
[2026.08.14-14.23.35:260][727]LogStratBridge: STRAT-COMBAT resolved attacker=30 defender=19 hex=2,4 turn=6 side=1 attackerSide=1 fqueried=1 flegal=1 fdist=1 fdmg=2 fdies=0 fcounter=1 fcdmg=1 ahpBefore=10 ahpAfter=9 ahpMax=10 adied=0 dhpBefore=10 dhpAfter=8 dhpMax=10 ddied=0 fameBefore=200 fameAfter=200 fameCombatBefore=275 fameCombatAfter=275 agree=1 diverge=0
[2026.08.14-14.23.35:260][727]LogStratPlay: STRAT-AI applied kind=Attack unit=30 hex=2,4 def=-1 target=19 turn=6 side=1 hash=615e3c027e288f54
[2026.08.14-14.23.35:260][727]LogStratBridge: STRAT-COMBAT resolved attacker=6 defender=1 hex=3,4 turn=6 side=1 attackerSide=1 fqueried=1 flegal=1 fdist=1 fdmg=1 fdies=1 fcounter=0 fcdmg=0 ahpBefore=3 ahpAfter=3 ahpMax=20 adied=0 dhpBefore=1 dhpAfter=-1 dhpMax=20 ddied=1 fameBefore=200 fameAfter=700 fameCombatBefore=275 fameCombatAfter=775 agree=1 diverge=0
[2026.08.14-14.23.35:260][727]LogStratPlay: STRAT-AI applied kind=Attack unit=6 hex=3,4 def=-1 target=1 turn=6 side=1 hash=cde6dc4a3ed2bf36
[2026.08.14-14.23.35:260][727]LogStratPlay: Verbose: STRAT-AI refused phase=apply kind=EndTurn unit=-1 hex=0,0 def=-1 target=-1 turn=6 side=1 reason=[T-SAVE-05] no match is running
[2026.08.14-14.23.35:260][727]LogStratPlay: Verbose: Board: no tile mesh for terrain Bridge, Factory, Mountains, Plains, Town, Water, Woods -- assign it in TerrainMeshes, or set FallbackTerrainMesh; the rest of the board was drawn
[2026.08.14-14.23.35:260][727]LogStratPlay: No mesh assigned for unit definition 'Infantry' (unit 3); using the fallback.
[2026.08.14-14.23.35:260][727]LogStratPlay: No mesh assigned for unit definition 'Artillery' (unit 4); using the fallback.
[2026.08.14-14.23.35:260][727]LogStratPlay: No mesh assigned for unit definition 'Tank' (unit 6); using the fallback.
[2026.08.14-14.23.35:260][727]LogStratPlay: No mesh assigned for unit definition 'Infantry' (unit 7); using the fallback.
[2026.08.14-14.23.35:260][727]LogStratPlay: No mesh assigned for unit definition 'Infantry' (unit 8); using the fallback.
[2026.08.14-14.23.35:260][727]LogStratPlay: No mesh assigned for unit definition 'Artillery' (unit 9); using the fallback.
[2026.08.14-14.23.35:260][727]LogStratPlay: No mesh assigned for unit definition 'Infantry' (unit 11); using the fallback.
[2026.08.14-14.23.35:260][727]LogStratPlay: No mesh assigned for unit definition 'Infantry' (unit 12); using the fallback.
[2026.08.14-14.23.35:260][727]LogStratPlay: No mesh assigned for unit definition 'Infantry' (unit 13); using the fallback.
[2026.08.14-14.23.35:260][727]LogStratPlay: No mesh assigned for unit definition 'Infantry' (unit 14); using the fallback.
[2026.08.14-14.23.35:260][727]LogStratPlay: No mesh assigned for unit definition 'Infantry' (unit 16); using the fallback.
[2026.08.14-14.23.35:260][727]LogStratPlay: No mesh assigned for unit definition 'Infantry' (unit 17); using the fallback.
[2026.08.14-14.23.35:260][727]LogStratPlay: No mesh assigned for unit definition 'Infantry' (unit 19); using the fallback.
[2026.08.14-14.23.35:260][727]LogStratPlay: No mesh assigned for unit definition 'Infantry' (unit 21); using the fallback.
[2026.08.14-14.23.35:260][727]LogStratPlay: No mesh assigned for unit definition 'Infantry' (unit 22); using the fallback.
[2026.08.14-14.23.35:260][727]LogStratPlay: No mesh assigned for unit definition 'Infantry' (unit 23); using the fallback.
[2026.08.14-14.23.35:260][727]LogStratPlay: No mesh assigned for unit definition 'Infantry' (unit 24); using the fallback.
[2026.08.14-14.23.35:260][727]LogStratPlay: No mesh assigned for unit definition 'Infantry' (unit 25); using the fallback.
[2026.08.14-14.23.35:260][727]LogStratPlay: No mesh assigned for unit definition 'Infantry' (unit 26); using the fallback.
[2026.08.14-14.23.35:260][727]LogStratPlay: No mesh assigned for unit definition 'Infantry' (unit 27); using the fallback.
[2026.08.14-14.23.35:261][727]LogStratPlay: No mesh assigned for unit definition 'Infantry' (unit 28); using the fallback.
[2026.08.14-14.23.35:261][727]LogStratPlay: No mesh assigned for unit definition 'Infantry' (unit 29); using the fallback.
[2026.08.14-14.23.35:261][727]LogStratPlay: No mesh assigned for unit definition 'Infantry' (unit 30); using the fallback.
[2026.08.14-14.23.35:261][727]LogStratPlay: No mesh assigned for unit definition 'Infantry' (unit 31); using the fallback.
[2026.08.14-14.23.35:261][727]LogStratPlay: No mesh assigned for unit definition 'Infantry' (unit 32); using the fallback.
[2026.08.14-14.23.35:267][727]LogWorld: UWorld::CleanupWorld for Untitled, bSessionEnded=true, bCleanupResources=true
[2026.08.14-14.23.35:267][727]LogSlate: InvalidateAllWidgets triggered.  All widgets were invalidated
[2026.08.14-14.23.35:273][728]LogAutomationController: Display: Test Completed. Result={Success} Name={BothSidesAiReachesAResultWithinTheBound} Path={Stratocracy.StratPlay.T-INT-05.BothSidesAiReachesAResultWithinTheBound}
